// Jest Snapshot v1, https://goo.gl/fbAQLP

exports[`Button renders correctly 1`] = `
<View
  accessibilityState={
    {
      "busy": undefined,
      "checked": undefined,
      "disabled": undefined,
      "expanded": undefined,
      "selected": undefined,
    }
  }
  accessibilityValue={
    {
      "max": undefined,
      "min": undefined,
      "now": undefined,
      "text": undefined,
    }
  }
  accessible={true}
  collapsable={false}
  containerStyle={
    {
      "alignItems": "center",
      "backgroundColor": "#009688",
      "borderColor": "#009688",
      "borderRadius": 17.285714285714285,
      "borderWidth": 0,
      "flexDirection": "row",
      "height": 55,
      "justifyContent": "center",
      "paddingHorizontal": 23.57142857142857,
    }
  }
  focusable={true}
  onBlur={[Function]}
  onClick={[Function]}
  onFocus={[Function]}
  onResponderGrant={[Function]}
  onResponderMove={[Function]}
  onResponderRelease={[Function]}
  onResponderTerminate={[Function]}
  onResponderTerminationRequest={[Function]}
  onStartShouldSetResponder={[Function]}
  pointerEvents="auto"
  style={
    [
      {
        "alignItems": "center",
        "backgroundColor": "#009688",
        "borderColor": "#009688",
        "borderRadius": 17.285714285714285,
        "borderWidth": 0,
        "flexDirection": "row",
        "height": 55,
        "justifyContent": "center",
        "opacity": 1,
        "paddingHorizontal": 23.57142857142857,
      },
    ]
  }
>
  <Text
    adjustsFontSizeToFit={true}
    numberOfLines={1}
    style={
      {
        "color": "#FFFFFF",
        "fontFamily": "Roboto-Regular",
        "fontSize": 22,
        "textAlign": "center",
      }
    }
  >
    TEST
  </Text>
</View>
`;
