// Jest Snapshot v1, https://goo.gl/fbAQLP

exports[`Content renders correctly 1`] = `
<View
  style={
    {
      "backgroundColor": "#F3F5F8",
      "flex": 1,
      "paddingHorizontal": 23.57142857142857,
    }
  }
>
  <View />
</View>
`;
