// Jest Snapshot v1, https://goo.gl/fbAQLP

exports[`MainTabIcon renders correctly 1`] = `
<View
  style={
    {
      "alignItems": "center",
      "borderRadius": 17.5,
      "height": 35,
      "justifyContent": "center",
      "width": 35,
    }
  }
>
  <View
    style={
      {
        "marginBottom": 1.5714285714285714,
        "marginLeft": 1.5714285714285714,
      }
    }
  >
    <View
      style={
        {
          "marginBottom": 1.5714285714285714,
          "marginLeft": 1.5714285714285714,
        }
      }
    >
      <Text
        allowFontScaling={false}
        selectable={false}
        style={
          [
            {
              "color": "#000000",
              "fontSize": 14,
            },
            undefined,
            {
              "fontFamily": "Material Design Icons",
              "fontStyle": "normal",
              "fontWeight": "normal",
            },
            {},
          ]
        }
      >
        ó°‹œ
      </Text>
    </View>
  </View>
</View>
`;
